// Jest Snapshot v1, https://goo.gl/fbAQLP

exports[`Planets should match the snapshot 1`] = `<Planets />`;
