// Jest Snapshot v1, https://goo.gl/fbAQLP

exports[`SelectedCard should match the snapshot with all the data passed through 1`] = `
<div
  className="selected__div"
>
  <Link
    className="back-btn"
    to="/people"
  >
    â—€ back
  </Link>
  <header
    className="selected__header"
  >
    <h3
      className="selected__h3"
    >
      Darth Vader
    </h3>
    <img
      alt="Star Wars Favorite Button"
      height="40px"
      src="http://images2.wikia.nocookie.net/__cb20080228205028/starwars/images/thumb/7/71/Redstarbird.svg/1600px-Redstarbird.svg.png"
      width="40px"
    />
  </header>
</div>
`;
