// Jest Snapshot v1, https://goo.gl/fbAQLP

exports[`App should match the snapshot 1`] = `<App />`;

exports[`renders without crashing 1`] = `<App />`;

exports[`should match the snapshot 1`] = `<App />`;
