// Jest Snapshot v1, https://goo.gl/fbAQLP

exports[`Vehicles should match the snapshot 1`] = `<Vehicles />`;
