// Jest Snapshot v1, https://goo.gl/fbAQLP

exports[`People should look like the snapshot 1`] = `<People />`;
